{"email":"lucyclasspage@gmail.com","ip":"::1","level":"warn","message":"Login failed: Incorrect password","timestamp":"2026-03-20 11:33:32","username":"admin"}
{"ip":"::1","level":"info","message":"Login success","timestamp":"2026-03-20 11:33:43","userId":"69ba45a5f31ad4066a192873","username":"admin"}
{"ip":"::1","level":"info","message":"Login success","timestamp":"2026-03-20 11:53:15","userId":"69ba45a5f31ad4066a192873","username":"admin"}
{"ip":"::1","level":"warn","message":"Rate limit exceeded: Registration","timestamp":"2026-03-20 11:55:37","url":"/api/registrations?page=1&limit=10"}
{"ip":"::1","level":"warn","message":"Rate limit exceeded: Registration","timestamp":"2026-03-20 11:55:37","url":"/api/registrations?page=1&limit=10"}
{"ip":"::1","level":"warn","message":"Rate limit exceeded: Registration","timestamp":"2026-03-20 11:55:39","url":"/api/registrations?page=1&limit=10"}
{"ip":"::1","level":"warn","message":"Rate limit exceeded: Registration","timestamp":"2026-03-20 11:55:39","url":"/api/registrations?page=1&limit=10"}
{"ip":"::1","level":"info","message":"Login success","timestamp":"2026-03-20 11:56:23","userId":"69ba45a5f31ad4066a192873","username":"admin"}
{"ip":"::1","level":"warn","message":"Rate limit exceeded: Registration","timestamp":"2026-03-20 11:56:25","url":"/api/registrations?page=1&limit=10"}
{"ip":"::1","level":"warn","message":"Rate limit exceeded: Registration","timestamp":"2026-03-20 11:56:25","url":"/api/registrations?page=1&limit=10"}
{"ip":"::1","level":"warn","message":"Rate limit exceeded: Registration","timestamp":"2026-03-20 11:56:28","url":"/api/registrations?page=1&limit=10"}
{"ip":"::1","level":"warn","message":"Rate limit exceeded: Registration","timestamp":"2026-03-20 11:56:28","url":"/api/registrations?page=1&limit=10"}
{"ip":"::1","level":"warn","message":"Rate limit exceeded: Global API","timestamp":"2026-03-20 11:56:35","url":"/api/stats"}
{"ip":"::1","level":"warn","message":"Rate limit exceeded: Global API","timestamp":"2026-03-20 11:56:35","url":"/api/stats"}
{"ip":"::1","level":"warn","message":"Rate limit exceeded: Global API","timestamp":"2026-03-20 11:56:35","url":"/api/courses"}
{"ip":"::1","level":"warn","message":"Rate limit exceeded: Global API","timestamp":"2026-03-20 11:56:35","url":"/api/registrations?page=1&limit=10"}
{"ip":"::1","level":"warn","message":"Rate limit exceeded: Global API","timestamp":"2026-03-20 11:56:35","url":"/api/courses"}
{"ip":"::1","level":"warn","message":"Rate limit exceeded: Global API","timestamp":"2026-03-20 11:56:35","url":"/api/registrations?page=1&limit=10"}
{"ip":"::1","level":"warn","message":"Rate limit exceeded: Global API","timestamp":"2026-03-20 11:56:36","url":"/api/auth/google/backups"}
{"ip":"::1","level":"warn","message":"Rate limit exceeded: Global API","timestamp":"2026-03-20 11:56:36","url":"/api/courses"}
{"ip":"::1","level":"warn","message":"Rate limit exceeded: Global API","timestamp":"2026-03-20 11:56:36","url":"/api/teachers"}
{"ip":"::1","level":"warn","message":"Rate limit exceeded: Global API","timestamp":"2026-03-20 11:56:36","url":"/api/courses"}
{"ip":"::1","level":"warn","message":"Rate limit exceeded: Global API","timestamp":"2026-03-20 11:56:36","url":"/api/teachers"}
{"ip":"::1","level":"warn","message":"Rate limit exceeded: Global API","timestamp":"2026-03-20 11:56:38","url":"/api/teachers"}
{"ip":"::1","level":"warn","message":"Rate limit exceeded: Global API","timestamp":"2026-03-20 11:56:38","url":"/api/teachers"}
{"ip":"::1","level":"warn","message":"Rate limit exceeded: Global API","timestamp":"2026-03-20 11:56:39","url":"/api/feedback"}
{"ip":"::1","level":"warn","message":"Rate limit exceeded: Global API","timestamp":"2026-03-20 11:56:39","url":"/api/feedback"}
{"ip":"::1","level":"warn","message":"Rate limit exceeded: Global API","timestamp":"2026-03-20 11:56:40","url":"/api/stats"}
{"ip":"::1","level":"warn","message":"Rate limit exceeded: Global API","timestamp":"2026-03-20 11:56:40","url":"/api/stats"}
{"ip":"::1","level":"warn","message":"Rate limit exceeded: Global API","timestamp":"2026-03-20 11:56:41","url":"/api/announcements"}
{"ip":"::1","level":"warn","message":"Rate limit exceeded: Global API","timestamp":"2026-03-20 11:56:41","url":"/api/announcements"}
{"ip":"::1","level":"warn","message":"Rate limit exceeded: Global API","timestamp":"2026-03-20 11:56:41","url":"/api/admin/history/stats"}
{"ip":"::1","level":"warn","message":"Rate limit exceeded: Global API","timestamp":"2026-03-20 11:56:41","url":"/api/admin/history?page=1&limit=10"}
{"ip":"::1","level":"warn","message":"Rate limit exceeded: Global API","timestamp":"2026-03-20 11:56:41","url":"/api/admin/history/stats"}
{"ip":"::1","level":"warn","message":"Rate limit exceeded: Global API","timestamp":"2026-03-20 11:56:41","url":"/api/admin/history?page=1&limit=10"}
{"ip":"::1","level":"warn","message":"Rate limit exceeded: Global API","timestamp":"2026-03-20 11:56:43","url":"/api/stats/dashboard"}
{"ip":"::1","level":"warn","message":"Rate limit exceeded: Global API","timestamp":"2026-03-20 11:56:43","url":"/api/stats/dashboard"}
{"ip":"::1","level":"info","message":"Login success","timestamp":"2026-03-20 12:16:07","userId":"69ba45a5f31ad4066a192873","username":"admin"}
{"ip":"::1","level":"info","message":"Login success","timestamp":"2026-03-20 12:30:01","userId":"69ba45a5f31ad4066a192873","username":"admin"}
{"ip":"::1","level":"info","message":"Login success","timestamp":"2026-03-20 12:32:13","userId":"69ba45a5f31ad4066a192873","username":"admin"}
{"ip":"::1","level":"info","message":"Login success","timestamp":"2026-03-20 12:39:36","userId":"69ba45a5f31ad4066a192873","username":"admin"}
{"ip":"::1","level":"info","message":"Login success","timestamp":"2026-03-20 12:53:30","userId":"69ba45a5f31ad4066a192873","username":"admin"}
{"ip":"::1","level":"info","message":"Login success","timestamp":"2026-03-20 12:59:11","userId":"69ba45a5f31ad4066a192873","username":"admin"}
{"ip":"::1","level":"info","message":"Login success","timestamp":"2026-03-20 13:08:25","userId":"69ba45a5f31ad4066a192873","username":"admin"}
{"email":"lucyclasspage@gmail.com","ip":"::1","level":"warn","message":"Login failed: Incorrect password","timestamp":"2026-03-20 13:13:54","username":"admin"}
{"ip":"::1","level":"info","message":"Login success","timestamp":"2026-03-20 13:14:07","userId":"69ba45a5f31ad4066a192873","username":"admin"}
{"ip":"::1","level":"info","message":"Login success","timestamp":"2026-03-20 13:19:42","userId":"69ba45a5f31ad4066a192873","username":"admin"}
{"ip":"::1","level":"info","message":"Login success","timestamp":"2026-03-20 13:25:23","userId":"69ba45a5f31ad4066a192873","username":"admin"}
{"email":"lucyclasspage@gmail.com","ip":"::1","level":"warn","message":"Login failed: Incorrect password","timestamp":"2026-03-20 13:34:25","username":"admin"}
{"ip":"::1","level":"info","message":"Login success","timestamp":"2026-03-20 13:34:35","userId":"69ba45a5f31ad4066a192873","username":"admin"}
{"email":"lucyclasspage@gmail.com","ip":"::1","level":"warn","message":"Login failed: Incorrect password","timestamp":"2026-03-20 13:50:26","username":"admin"}
{"ip":"::1","level":"info","message":"Login success","timestamp":"2026-03-20 13:50:42","userId":"69ba45a5f31ad4066a192873","username":"admin"}
{"ip":"::1","level":"info","message":"Login success","timestamp":"2026-03-20 14:23:54","userId":"69ba45a5f31ad4066a192873","username":"admin"}
{"ip":"::1","level":"info","message":"Login success","timestamp":"2026-03-20 14:26:53","userId":"69ba45a5f31ad4066a192873","username":"admin"}
{"ip":"::1","level":"info","message":"Login success","timestamp":"2026-03-20 14:38:27","userId":"69ba45a5f31ad4066a192873","username":"admin"}
{"ip":"::1","level":"info","message":"Login success","timestamp":"2026-03-20 14:41:36","userId":"69ba45a5f31ad4066a192873","username":"admin"}
{"ip":"::1","level":"info","message":"Login success","timestamp":"2026-03-20 14:54:01","userId":"69ba45a5f31ad4066a192873","username":"admin"}
{"ip":"::1","level":"info","message":"Login success","timestamp":"2026-03-20 15:39:58","userId":"69ba45a5f31ad4066a192873","username":"admin"}
{"ip":"::1","level":"info","message":"Login success","timestamp":"2026-03-20 15:55:04","userId":"69ba45a5f31ad4066a192873","username":"admin"}
{"ip":"::1","level":"info","message":"Login success","timestamp":"2026-03-20 15:57:43","userId":"69ba45a5f31ad4066a192873","username":"admin"}
{"ip":"::1","level":"info","message":"Login success","timestamp":"2026-03-20 16:10:56","userId":"69ba45a5f31ad4066a192873","username":"admin"}
{"ip":"::1","level":"info","message":"Login success","timestamp":"2026-03-20 16:30:46","userId":"69ba45a5f31ad4066a192873","username":"admin"}
{"ip":"::1","level":"info","message":"Login success","timestamp":"2026-03-20 16:54:41","userId":"69ba45a5f31ad4066a192873","username":"admin"}
{"ip":"::1","level":"info","message":"Login success","timestamp":"2026-03-20 17:36:55","userId":"69ba45a5f31ad4066a192873","username":"admin"}
{"ip":"::1","level":"info","message":"Login success","timestamp":"2026-03-20 17:43:49","userId":"69ba45a5f31ad4066a192873","username":"admin"}
{"ip":"::1","level":"info","message":"Login success","timestamp":"2026-03-20 17:58:00","userId":"69ba45a5f31ad4066a192873","username":"admin"}
{"ip":"::1","level":"info","message":"Login success","timestamp":"2026-03-20 18:01:48","userId":"69ba45a5f31ad4066a192873","username":"admin"}
{"ip":"::1","level":"warn","message":"Rate limit exceeded: Global API","timestamp":"2026-03-20 18:04:59","url":"/api/teachers"}
{"ip":"::1","level":"warn","message":"Rate limit exceeded: Global API","timestamp":"2026-03-20 18:04:59","url":"/api/courses"}
{"ip":"::1","level":"warn","message":"Rate limit exceeded: Global API","timestamp":"2026-03-20 18:04:59","url":"/api/teachers"}
{"ip":"::1","level":"warn","message":"Rate limit exceeded: Global API","timestamp":"2026-03-20 18:04:59","url":"/api/courses"}
{"ip":"::1","level":"warn","message":"Rate limit exceeded: Global API","timestamp":"2026-03-20 18:05:01","url":"/api/courses"}
{"ip":"::1","level":"warn","message":"Rate limit exceeded: Global API","timestamp":"2026-03-20 18:05:01","url":"/api/registrations?page=1&limit=10"}
{"ip":"::1","level":"warn","message":"Rate limit exceeded: Global API","timestamp":"2026-03-20 18:05:01","url":"/api/stats"}
{"ip":"::1","level":"warn","message":"Rate limit exceeded: Global API","timestamp":"2026-03-20 18:05:01","url":"/api/courses"}
{"ip":"::1","level":"warn","message":"Rate limit exceeded: Global API","timestamp":"2026-03-20 18:05:02","url":"/api/registrations?page=1&limit=10"}
{"ip":"::1","level":"warn","message":"Rate limit exceeded: Global API","timestamp":"2026-03-20 18:05:02","url":"/api/stats"}
{"ip":"::1","level":"warn","message":"Rate limit exceeded: Global API","timestamp":"2026-03-20 18:05:02","url":"/api/courses"}
{"ip":"::1","level":"warn","message":"Rate limit exceeded: Global API","timestamp":"2026-03-20 18:05:02","url":"/api/teachers"}
{"ip":"::1","level":"warn","message":"Rate limit exceeded: Global API","timestamp":"2026-03-20 18:05:02","url":"/api/courses"}
{"ip":"::1","level":"warn","message":"Rate limit exceeded: Global API","timestamp":"2026-03-20 18:05:02","url":"/api/teachers"}
{"ip":"::1","level":"info","message":"Login success","timestamp":"2026-03-20 18:20:47","userId":"69ba45a5f31ad4066a192873","username":"admin"}
{"ip":"::1","level":"info","message":"Login success","timestamp":"2026-03-20 18:37:17","userId":"69ba45a5f31ad4066a192873","username":"admin"}
{"ip":"::1","level":"info","message":"Login success","timestamp":"2026-03-20 18:45:30","userId":"69ba45a5f31ad4066a192873","username":"admin"}
{"ip":"::1","level":"info","message":"Login success","timestamp":"2026-03-20 19:57:07","userId":"69ba45a5f31ad4066a192873","username":"admin"}
{"ip":"::1","level":"info","message":"Login success","timestamp":"2026-03-20 20:58:17","userId":"69ba45a5f31ad4066a192873","username":"admin"}
{"email":"lucyclasspage@gmail.com","ip":"::1","level":"warn","message":"Login failed: Incorrect password","timestamp":"2026-03-20 21:19:08","username":"admin"}
{"ip":"::1","level":"info","message":"Login success","timestamp":"2026-03-20 21:19:20","userId":"69ba45a5f31ad4066a192873","username":"admin"}
{"ip":"::1","level":"info","message":"Login success","timestamp":"2026-03-20 21:47:26","userId":"69ba45a5f31ad4066a192873","username":"admin"}
{"ip":"::1","level":"info","message":"Login success","timestamp":"2026-03-20 21:53:34","userId":"69ba45a5f31ad4066a192873","username":"admin"}
{"ip":"::1","level":"info","message":"Login success","timestamp":"2026-03-20 21:55:12","userId":"69ba45a5f31ad4066a192873","username":"admin"}
{"ip":"::1","level":"info","message":"Login success","timestamp":"2026-03-20 22:23:32","userId":"69ba45a5f31ad4066a192873","username":"admin"}
{"ip":"::1","level":"info","message":"Login success","timestamp":"2026-03-20 22:24:40","userId":"69ba45a5f31ad4066a192873","username":"admin"}
{"ip":"::1","level":"info","message":"Login success","timestamp":"2026-03-20 22:27:29","userId":"69ba45a5f31ad4066a192873","username":"admin"}
{"ip":"::1","level":"info","message":"Login success","timestamp":"2026-03-20 22:28:50","userId":"69ba45a5f31ad4066a192873","username":"admin"}
{"email":"lucyclasspage@gmail.com","ip":"::1","level":"warn","message":"Login failed: Incorrect password","timestamp":"2026-03-20 23:08:06","username":"admin"}
{"ip":"::1","level":"info","message":"Login success","timestamp":"2026-03-20 23:08:16","userId":"69ba45a5f31ad4066a192873","username":"admin"}
{"ip":"::1","level":"info","message":"Login success","timestamp":"2026-03-20 23:13:31","userId":"69ba45a5f31ad4066a192873","username":"admin"}
{"email":"lucyclasspage@gmail.com","ip":"::1","level":"warn","message":"Login failed: Incorrect password","timestamp":"2026-03-21 09:47:43","username":"admin"}
{"ip":"::1","level":"info","message":"Login success","timestamp":"2026-03-21 09:47:55","userId":"69ba45a5f31ad4066a192873","username":"admin"}
{"ip":"::1","level":"info","message":"Login success","timestamp":"2026-03-21 11:57:28","userId":"69ba45a5f31ad4066a192873","username":"admin"}
{"ip":"::1","level":"info","message":"Login success","timestamp":"2026-03-21 12:53:40","userId":"69ba45a5f31ad4066a192873","username":"admin"}
{"ip":"::1","level":"info","message":"Login success","timestamp":"2026-03-21 13:41:07","userId":"69ba45a5f31ad4066a192873","username":"admin"}
{"ip":"::1","level":"info","message":"Login success","timestamp":"2026-03-21 13:45:27","userId":"69ba45a5f31ad4066a192873","username":"admin"}
{"email":"lucyclasspage@gmail.com","ip":"::1","level":"warn","message":"Login failed: Incorrect password","timestamp":"2026-03-21 13:46:25","username":"admin"}
{"ip":"::1","level":"info","message":"Login success","timestamp":"2026-03-21 13:46:39","userId":"69ba45a5f31ad4066a192873","username":"admin"}
{"ip":"::1","level":"info","message":"Login success","timestamp":"2026-03-21 15:23:05","userId":"69ba45a5f31ad4066a192873","username":"admin"}
{"ip":"::1","level":"info","message":"Login success","timestamp":"2026-03-21 15:27:52","userId":"69ba45a5f31ad4066a192873","username":"admin"}
{"ip":"::1","level":"info","message":"Login success","timestamp":"2026-03-21 15:42:40","userId":"69ba45a5f31ad4066a192873","username":"admin"}
{"ip":"::1","level":"info","message":"Login success","timestamp":"2026-03-21 15:45:36","userId":"69ba45a5f31ad4066a192873","username":"admin"}
{"ip":"::1","level":"info","message":"Login success","timestamp":"2026-03-21 15:52:42","userId":"69ba45a5f31ad4066a192873","username":"admin"}
{"ip":"::1","level":"info","message":"Login success","timestamp":"2026-03-21 15:55:48","userId":"69ba45a5f31ad4066a192873","username":"admin"}
{"email":"lucyclasspage@gmail.com","ip":"::1","level":"warn","message":"Login failed: Incorrect password","timestamp":"2026-03-21 16:55:47","username":"admin"}
{"email":"lucyclasspage@gmail.com","ip":"::1","level":"warn","message":"Login failed: Incorrect password","timestamp":"2026-03-21 16:56:03","username":"admin"}
{"email":"lucyclasspage@gmail.com","ip":"::1","level":"warn","message":"Login failed: Incorrect password","timestamp":"2026-03-21 16:56:20","username":"admin"}
{"email":"lucyclasspage@gmail.com","ip":"::1","level":"warn","message":"Login failed: Incorrect password","timestamp":"2026-03-21 17:14:22","username":"admin"}
{"email":"lucyclasspage@gmail.com","ip":"::1","level":"warn","message":"Login failed: Incorrect password","timestamp":"2026-03-21 17:14:36","username":"admin"}
{"ip":"::1","level":"info","message":"Login success","timestamp":"2026-03-21 17:16:26","userId":"69be69d303675196d6b33002","username":"admin"}
{"ip":"::1","level":"info","message":"Login success","timestamp":"2026-03-21 17:16:50","userId":"69be69d303675196d6b33002","username":"admin"}
{"ip":"::1","level":"info","message":"Login success","timestamp":"2026-03-21 17:22:58","userId":"69be69d303675196d6b33002","username":"admin"}
{"ip":"::1","level":"info","message":"Login success","timestamp":"2026-03-21 17:30:37","userId":"69be69d303675196d6b33002","username":"admin"}
{"ip":"::1","level":"info","message":"Login success","timestamp":"2026-03-21 17:34:42","userId":"69be69d303675196d6b33002","username":"admin"}
{"ip":"::1","level":"info","message":"Login success","timestamp":"2026-03-21 17:41:53","userId":"69be69d303675196d6b33002","username":"admin"}
{"ip":"::1","level":"info","message":"Login success","timestamp":"2026-03-21 17:43:17","userId":"69be69d303675196d6b33002","username":"admin"}
{"ip":"::1","level":"info","message":"Login success","timestamp":"2026-03-21 17:47:05","userId":"69be69d303675196d6b33002","username":"admin"}
{"ip":"::1","level":"info","message":"Login success","timestamp":"2026-03-21 17:55:42","userId":"69be69d303675196d6b33002","username":"admin"}
{"ip":"::1","level":"info","message":"Login success","timestamp":"2026-03-21 18:00:27","userId":"69be69d303675196d6b33002","username":"admin"}
{"ip":"::1","level":"info","message":"Login success","timestamp":"2026-03-21 18:48:30","userId":"69be69d303675196d6b33002","username":"admin"}
{"ip":"::1","level":"info","message":"Login success","timestamp":"2026-03-21 19:16:39","userId":"69be69d303675196d6b33002","username":"admin"}
{"ip":"::1","level":"error","message":"Server Error req.csrfToken is not a function","method":"GET","stack":"TypeError: req.csrfToken is not a function\n    at C:\\Users\\duong\\Desktop\\lucyClass-main\\backend\\server.js:89:29\n    at Layer.handle [as handle_request] (C:\\Users\\duong\\Desktop\\lucyClass-main\\backend\\node_modules\\express\\lib\\router\\layer.js:95:5)\n    at next (C:\\Users\\duong\\Desktop\\lucyClass-main\\backend\\node_modules\\express\\lib\\router\\route.js:149:13)\n    at csrfProtection (C:\\Users\\duong\\Desktop\\lucyClass-main\\backend\\middlewares\\csrf.js:30:12)\n    at Layer.handle [as handle_request] (C:\\Users\\duong\\Desktop\\lucyClass-main\\backend\\node_modules\\express\\lib\\router\\layer.js:95:5)\n    at next (C:\\Users\\duong\\Desktop\\lucyClass-main\\backend\\node_modules\\express\\lib\\router\\route.js:149:13)\n    at Route.dispatch (C:\\Users\\duong\\Desktop\\lucyClass-main\\backend\\node_modules\\express\\lib\\router\\route.js:119:3)\n    at Layer.handle [as handle_request] (C:\\Users\\duong\\Desktop\\lucyClass-main\\backend\\node_modules\\express\\lib\\router\\layer.js:95:5)\n    at C:\\Users\\duong\\Desktop\\lucyClass-main\\backend\\node_modules\\express\\lib\\router\\index.js:284:15\n    at Function.process_params (C:\\Users\\duong\\Desktop\\lucyClass-main\\backend\\node_modules\\express\\lib\\router\\index.js:346:12)","timestamp":"2026-03-21 19:39:28","url":"/api/csrf-token"}
{"ip":"::1","level":"error","message":"Server Error req.csrfToken is not a function","method":"GET","stack":"TypeError: req.csrfToken is not a function\n    at C:\\Users\\duong\\Desktop\\lucyClass-main\\backend\\server.js:89:29\n    at Layer.handle [as handle_request] (C:\\Users\\duong\\Desktop\\lucyClass-main\\backend\\node_modules\\express\\lib\\router\\layer.js:95:5)\n    at next (C:\\Users\\duong\\Desktop\\lucyClass-main\\backend\\node_modules\\express\\lib\\router\\route.js:149:13)\n    at csrfProtection (C:\\Users\\duong\\Desktop\\lucyClass-main\\backend\\middlewares\\csrf.js:30:12)\n    at Layer.handle [as handle_request] (C:\\Users\\duong\\Desktop\\lucyClass-main\\backend\\node_modules\\express\\lib\\router\\layer.js:95:5)\n    at next (C:\\Users\\duong\\Desktop\\lucyClass-main\\backend\\node_modules\\express\\lib\\router\\route.js:149:13)\n    at Route.dispatch (C:\\Users\\duong\\Desktop\\lucyClass-main\\backend\\node_modules\\express\\lib\\router\\route.js:119:3)\n    at Layer.handle [as handle_request] (C:\\Users\\duong\\Desktop\\lucyClass-main\\backend\\node_modules\\express\\lib\\router\\layer.js:95:5)\n    at C:\\Users\\duong\\Desktop\\lucyClass-main\\backend\\node_modules\\express\\lib\\router\\index.js:284:15\n    at Function.process_params (C:\\Users\\duong\\Desktop\\lucyClass-main\\backend\\node_modules\\express\\lib\\router\\index.js:346:12)","timestamp":"2026-03-21 19:39:28","url":"/api/csrf-token"}
{"ip":"::1","level":"error","message":"Server Error req.csrfToken is not a function","method":"GET","stack":"TypeError: req.csrfToken is not a function\n    at C:\\Users\\duong\\Desktop\\lucyClass-main\\backend\\server.js:82:29\n    at Layer.handle [as handle_request] (C:\\Users\\duong\\Desktop\\lucyClass-main\\backend\\node_modules\\express\\lib\\router\\layer.js:95:5)\n    at next (C:\\Users\\duong\\Desktop\\lucyClass-main\\backend\\node_modules\\express\\lib\\router\\route.js:149:13)\n    at csrfProtection (C:\\Users\\duong\\Desktop\\lucyClass-main\\backend\\middlewares\\csrf.js:29:12)\n    at Layer.handle [as handle_request] (C:\\Users\\duong\\Desktop\\lucyClass-main\\backend\\node_modules\\express\\lib\\router\\layer.js:95:5)\n    at next (C:\\Users\\duong\\Desktop\\lucyClass-main\\backend\\node_modules\\express\\lib\\router\\route.js:149:13)\n    at Route.dispatch (C:\\Users\\duong\\Desktop\\lucyClass-main\\backend\\node_modules\\express\\lib\\router\\route.js:119:3)\n    at Layer.handle [as handle_request] (C:\\Users\\duong\\Desktop\\lucyClass-main\\backend\\node_modules\\express\\lib\\router\\layer.js:95:5)\n    at C:\\Users\\duong\\Desktop\\lucyClass-main\\backend\\node_modules\\express\\lib\\router\\index.js:284:15\n    at Function.process_params (C:\\Users\\duong\\Desktop\\lucyClass-main\\backend\\node_modules\\express\\lib\\router\\index.js:346:12)","timestamp":"2026-03-21 19:51:54","url":"/api/csrf-token"}
{"ip":"::1","level":"error","message":"Server Error req.csrfToken is not a function","method":"GET","stack":"TypeError: req.csrfToken is not a function\n    at C:\\Users\\duong\\Desktop\\lucyClass-main\\backend\\server.js:82:29\n    at Layer.handle [as handle_request] (C:\\Users\\duong\\Desktop\\lucyClass-main\\backend\\node_modules\\express\\lib\\router\\layer.js:95:5)\n    at next (C:\\Users\\duong\\Desktop\\lucyClass-main\\backend\\node_modules\\express\\lib\\router\\route.js:149:13)\n    at csrfProtection (C:\\Users\\duong\\Desktop\\lucyClass-main\\backend\\middlewares\\csrf.js:29:12)\n    at Layer.handle [as handle_request] (C:\\Users\\duong\\Desktop\\lucyClass-main\\backend\\node_modules\\express\\lib\\router\\layer.js:95:5)\n    at next (C:\\Users\\duong\\Desktop\\lucyClass-main\\backend\\node_modules\\express\\lib\\router\\route.js:149:13)\n    at Route.dispatch (C:\\Users\\duong\\Desktop\\lucyClass-main\\backend\\node_modules\\express\\lib\\router\\route.js:119:3)\n    at Layer.handle [as handle_request] (C:\\Users\\duong\\Desktop\\lucyClass-main\\backend\\node_modules\\express\\lib\\router\\layer.js:95:5)\n    at C:\\Users\\duong\\Desktop\\lucyClass-main\\backend\\node_modules\\express\\lib\\router\\index.js:284:15\n    at Function.process_params (C:\\Users\\duong\\Desktop\\lucyClass-main\\backend\\node_modules\\express\\lib\\router\\index.js:346:12)","timestamp":"2026-03-21 19:51:54","url":"/api/csrf-token"}
{"ip":"::1","level":"error","message":"Server Error req.csrfToken is not a function","method":"GET","stack":"TypeError: req.csrfToken is not a function\n    at C:\\Users\\duong\\Desktop\\lucyClass-main\\backend\\server.js:82:29\n    at Layer.handle [as handle_request] (C:\\Users\\duong\\Desktop\\lucyClass-main\\backend\\node_modules\\express\\lib\\router\\layer.js:95:5)\n    at next (C:\\Users\\duong\\Desktop\\lucyClass-main\\backend\\node_modules\\express\\lib\\router\\route.js:149:13)\n    at csrfProtection (C:\\Users\\duong\\Desktop\\lucyClass-main\\backend\\middlewares\\csrf.js:29:12)\n    at Layer.handle [as handle_request] (C:\\Users\\duong\\Desktop\\lucyClass-main\\backend\\node_modules\\express\\lib\\router\\layer.js:95:5)\n    at next (C:\\Users\\duong\\Desktop\\lucyClass-main\\backend\\node_modules\\express\\lib\\router\\route.js:149:13)\n    at Route.dispatch (C:\\Users\\duong\\Desktop\\lucyClass-main\\backend\\node_modules\\express\\lib\\router\\route.js:119:3)\n    at Layer.handle [as handle_request] (C:\\Users\\duong\\Desktop\\lucyClass-main\\backend\\node_modules\\express\\lib\\router\\layer.js:95:5)\n    at C:\\Users\\duong\\Desktop\\lucyClass-main\\backend\\node_modules\\express\\lib\\router\\index.js:284:15\n    at Function.process_params (C:\\Users\\duong\\Desktop\\lucyClass-main\\backend\\node_modules\\express\\lib\\router\\index.js:346:12)","timestamp":"2026-03-21 19:52:24","url":"/api/csrf-token"}
{"ip":"::1","level":"error","message":"Server Error req.csrfToken is not a function","method":"GET","stack":"TypeError: req.csrfToken is not a function\n    at C:\\Users\\duong\\Desktop\\lucyClass-main\\backend\\server.js:82:29\n    at Layer.handle [as handle_request] (C:\\Users\\duong\\Desktop\\lucyClass-main\\backend\\node_modules\\express\\lib\\router\\layer.js:95:5)\n    at next (C:\\Users\\duong\\Desktop\\lucyClass-main\\backend\\node_modules\\express\\lib\\router\\route.js:149:13)\n    at csrfProtection (C:\\Users\\duong\\Desktop\\lucyClass-main\\backend\\middlewares\\csrf.js:29:12)\n    at Layer.handle [as handle_request] (C:\\Users\\duong\\Desktop\\lucyClass-main\\backend\\node_modules\\express\\lib\\router\\layer.js:95:5)\n    at next (C:\\Users\\duong\\Desktop\\lucyClass-main\\backend\\node_modules\\express\\lib\\router\\route.js:149:13)\n    at Route.dispatch (C:\\Users\\duong\\Desktop\\lucyClass-main\\backend\\node_modules\\express\\lib\\router\\route.js:119:3)\n    at Layer.handle [as handle_request] (C:\\Users\\duong\\Desktop\\lucyClass-main\\backend\\node_modules\\express\\lib\\router\\layer.js:95:5)\n    at C:\\Users\\duong\\Desktop\\lucyClass-main\\backend\\node_modules\\express\\lib\\router\\index.js:284:15\n    at Function.process_params (C:\\Users\\duong\\Desktop\\lucyClass-main\\backend\\node_modules\\express\\lib\\router\\index.js:346:12)","timestamp":"2026-03-21 19:52:24","url":"/api/csrf-token"}
{"ip":"::1","level":"warn","message":"Rate limit exceeded","retryAfter":300,"timestamp":"2026-03-24 17:31:21","url":"/api/courses","userId":"guest"}
{"ip":"::1","level":"warn","message":"Rate limit exceeded","retryAfter":300,"timestamp":"2026-03-24 17:31:24","url":"/api/teachers","userId":"guest"}
{"ip":"::1","level":"warn","message":"Rate limit exceeded","retryAfter":300,"timestamp":"2026-03-24 17:31:24","url":"/api/teachers","userId":"guest"}
{"ip":"::1","level":"warn","message":"Rate limit exceeded","retryAfter":300,"timestamp":"2026-03-24 17:31:25","url":"/api/courses","userId":"guest"}
{"ip":"::1","level":"warn","message":"Rate limit exceeded","retryAfter":300,"timestamp":"2026-03-24 17:31:25","url":"/api/teachers","userId":"guest"}
{"ip":"::1","level":"warn","message":"Rate limit exceeded","retryAfter":300,"timestamp":"2026-03-24 17:31:25","url":"/api/courses","userId":"guest"}
{"ip":"::1","level":"warn","message":"Rate limit exceeded","retryAfter":300,"timestamp":"2026-03-24 17:31:25","url":"/api/teachers","userId":"guest"}
{"ip":"::1","level":"warn","message":"Rate limit exceeded","retryAfter":300,"timestamp":"2026-03-25 17:32:07","url":"/api/stats","userId":"guest"}
{"ip":"::1","level":"warn","message":"Rate limit exceeded","retryAfter":300,"timestamp":"2026-03-25 17:32:07","url":"/api/registrations?page=1&limit=10","userId":"guest"}
{"ip":"::1","level":"warn","message":"Rate limit exceeded","retryAfter":300,"timestamp":"2026-03-25 17:32:07","url":"/api/courses","userId":"guest"}
{"ip":"::1","level":"warn","message":"Rate limit exceeded","retryAfter":300,"timestamp":"2026-03-25 17:32:09","url":"/api/courses","userId":"guest"}
{"ip":"::1","level":"warn","message":"Rate limit exceeded","retryAfter":300,"timestamp":"2026-03-25 17:32:09","url":"/api/teachers","userId":"guest"}
{"ip":"::1","level":"warn","message":"Rate limit exceeded","retryAfter":300,"timestamp":"2026-03-25 17:32:09","url":"/api/courses","userId":"guest"}
{"ip":"::1","level":"warn","message":"Rate limit exceeded","retryAfter":300,"timestamp":"2026-03-25 17:32:09","url":"/api/teachers","userId":"guest"}
{"ip":"::1","level":"warn","message":"Rate limit exceeded","retryAfter":300,"timestamp":"2026-03-25 17:32:10","url":"/api/courses","userId":"guest"}
{"ip":"::1","level":"warn","message":"Rate limit exceeded","retryAfter":300,"timestamp":"2026-03-25 17:32:10","url":"/api/stats","userId":"guest"}
{"ip":"::1","level":"warn","message":"Rate limit exceeded","retryAfter":300,"timestamp":"2026-03-25 17:32:10","url":"/api/registrations?page=1&limit=10","userId":"guest"}
{"ip":"::1","level":"warn","message":"Rate limit exceeded","retryAfter":300,"timestamp":"2026-03-25 17:32:10","url":"/api/courses","userId":"guest"}
{"ip":"::1","level":"warn","message":"Rate limit exceeded","retryAfter":300,"timestamp":"2026-03-25 17:32:10","url":"/api/stats","userId":"guest"}
{"ip":"::1","level":"warn","message":"Rate limit exceeded","retryAfter":300,"timestamp":"2026-03-25 17:32:10","url":"/api/registrations?page=1&limit=10","userId":"guest"}
{"ip":"::1","level":"warn","message":"Rate limit exceeded","retryAfter":300,"timestamp":"2026-03-25 17:32:20","url":"/api/auth/logout","userId":"guest"}
{"ip":"::1","level":"warn","message":"Rate limit exceeded","retryAfter":300,"timestamp":"2026-03-25 17:32:20","url":"/api/csrf-token","userId":"guest"}
{"ip":"::1","level":"warn","message":"Rate limit exceeded","retryAfter":300,"timestamp":"2026-03-25 17:32:20","url":"/api/auth/me","userId":"guest"}
{"ip":"::1","level":"warn","message":"Rate limit exceeded","retryAfter":300,"timestamp":"2026-03-25 17:32:22","url":"/api/courses","userId":"guest"}
{"ip":"::1","level":"warn","message":"Rate limit exceeded","retryAfter":300,"timestamp":"2026-03-25 17:32:22","url":"/api/teachers","userId":"guest"}
{"ip":"::1","level":"warn","message":"Rate limit exceeded","retryAfter":300,"timestamp":"2026-03-25 17:32:22","url":"/api/feedback","userId":"guest"}
{"ip":"::1","level":"warn","message":"Rate limit exceeded","retryAfter":300,"timestamp":"2026-03-25 17:32:22","url":"/api/announcements","userId":"guest"}
{"ip":"::1","level":"warn","message":"Rate limit exceeded","retryAfter":300,"timestamp":"2026-03-25 17:32:22","url":"/api/courses","userId":"guest"}
{"ip":"::1","level":"warn","message":"Rate limit exceeded","retryAfter":300,"timestamp":"2026-03-25 17:32:22","url":"/api/teachers","userId":"guest"}
{"ip":"::1","level":"warn","message":"Rate limit exceeded","retryAfter":300,"timestamp":"2026-03-25 17:32:22","url":"/api/feedback","userId":"guest"}
{"ip":"::1","level":"warn","message":"Rate limit exceeded","retryAfter":300,"timestamp":"2026-03-25 17:32:22","url":"/api/announcements","userId":"guest"}
{"ip":"::1","level":"warn","message":"Rate limit exceeded","retryAfter":300,"timestamp":"2026-03-25 17:32:22","url":"/api/courses","userId":"guest"}
{"ip":"::1","level":"warn","message":"Rate limit exceeded","retryAfter":300,"timestamp":"2026-03-25 17:32:22","url":"/api/courses","userId":"guest"}
{"ip":"::1","level":"warn","message":"Rate limit exceeded","retryAfter":300,"timestamp":"2026-03-25 17:32:42","url":"/api/courses","userId":"guest"}
{"ip":"::1","level":"warn","message":"Rate limit exceeded","retryAfter":300,"timestamp":"2026-03-25 17:32:42","url":"/api/teachers","userId":"guest"}
{"ip":"::1","level":"warn","message":"Rate limit exceeded","retryAfter":300,"timestamp":"2026-03-25 17:32:42","url":"/api/feedback","userId":"guest"}
{"ip":"::1","level":"warn","message":"Rate limit exceeded","retryAfter":300,"timestamp":"2026-03-25 17:32:42","url":"/api/announcements","userId":"guest"}
{"ip":"::1","level":"warn","message":"Rate limit exceeded","retryAfter":300,"timestamp":"2026-03-25 17:32:42","url":"/api/csrf-token","userId":"guest"}
{"ip":"::1","level":"warn","message":"Rate limit exceeded","retryAfter":300,"timestamp":"2026-03-25 17:32:42","url":"/api/courses","userId":"guest"}
{"ip":"::1","level":"warn","message":"Rate limit exceeded","retryAfter":300,"timestamp":"2026-03-25 17:32:42","url":"/api/teachers","userId":"guest"}
{"ip":"::1","level":"warn","message":"Rate limit exceeded","retryAfter":300,"timestamp":"2026-03-25 17:32:42","url":"/api/feedback","userId":"guest"}
{"ip":"::1","level":"warn","message":"Rate limit exceeded","retryAfter":300,"timestamp":"2026-03-25 17:32:42","url":"/api/announcements","userId":"guest"}
{"ip":"::1","level":"warn","message":"Rate limit exceeded","retryAfter":300,"timestamp":"2026-03-25 17:32:42","url":"/api/courses","userId":"guest"}
{"ip":"::1","level":"warn","message":"Rate limit exceeded","retryAfter":300,"timestamp":"2026-03-25 17:32:42","url":"/api/auth/me","userId":"guest"}
{"ip":"::1","level":"warn","message":"Rate limit exceeded","retryAfter":300,"timestamp":"2026-03-25 17:32:42","url":"/api/courses","userId":"guest"}
{"ip":"::1","level":"error","message":"Server Error Cannot call abortTransaction after calling commitTransaction","method":"POST","stack":"MongoTransactionError: Cannot call abortTransaction after calling commitTransaction\n    at ClientSession.abortTransaction (C:\\Users\\duong\\Desktop\\lucyClass-main\\backend\\node_modules\\mongodb\\lib\\sessions.js:376:19)\n    at exports.create (C:\\Users\\duong\\Desktop\\lucyClass-main\\backend\\controllers\\registrationController.js:235:19)\n    at process.processTicksAndRejections (node:internal/process/task_queues:105:5)","timestamp":"2026-03-31 18:46:56","url":"/api/registrations"}
{"ip":"::1","level":"error","message":"Server Error Cannot call abortTransaction after calling commitTransaction","method":"POST","stack":"MongoTransactionError: Cannot call abortTransaction after calling commitTransaction\n    at ClientSession.abortTransaction (C:\\Users\\duong\\Desktop\\lucyClass-main\\backend\\node_modules\\mongodb\\lib\\sessions.js:376:19)\n    at exports.create (C:\\Users\\duong\\Desktop\\lucyClass-main\\backend\\controllers\\registrationController.js:237:19)\n    at process.processTicksAndRejections (node:internal/process/task_queues:105:5)","timestamp":"2026-03-31 18:52:51","url":"/api/registrations"}
{"ip":"64.23.144.184","level":"error","message":"Server Error Not allowed by CORS","method":"GET","stack":"Error: Not allowed by CORS\n    at origin (C:\\Users\\duong\\Desktop\\lucyClass-main\\backend\\server.js:37:21)\n    at C:\\Users\\duong\\Desktop\\lucyClass-main\\backend\\node_modules\\cors\\lib\\index.js:219:13\n    at optionsCallback (C:\\Users\\duong\\Desktop\\lucyClass-main\\backend\\node_modules\\cors\\lib\\index.js:199:9)\n    at corsMiddleware (C:\\Users\\duong\\Desktop\\lucyClass-main\\backend\\node_modules\\cors\\lib\\index.js:204:7)\n    at Layer.handle [as handle_request] (C:\\Users\\duong\\Desktop\\lucyClass-main\\backend\\node_modules\\express\\lib\\router\\layer.js:95:5)\n    at trim_prefix (C:\\Users\\duong\\Desktop\\lucyClass-main\\backend\\node_modules\\express\\lib\\router\\index.js:328:13)\n    at C:\\Users\\duong\\Desktop\\lucyClass-main\\backend\\node_modules\\express\\lib\\router\\index.js:286:9\n    at Function.process_params (C:\\Users\\duong\\Desktop\\lucyClass-main\\backend\\node_modules\\express\\lib\\router\\index.js:346:12)\n    at next (C:\\Users\\duong\\Desktop\\lucyClass-main\\backend\\node_modules\\express\\lib\\router\\index.js:280:10)\n    at cookieParser (C:\\Users\\duong\\Desktop\\lucyClass-main\\backend\\node_modules\\cookie-parser\\index.js:57:14)","timestamp":"2026-03-31 20:54:32","url":"/"}
{"ip":"143.198.130.64","level":"error","message":"Server Error Not allowed by CORS","method":"GET","stack":"Error: Not allowed by CORS\n    at origin (C:\\Users\\duong\\Desktop\\lucyClass-main\\backend\\server.js:37:21)\n    at C:\\Users\\duong\\Desktop\\lucyClass-main\\backend\\node_modules\\cors\\lib\\index.js:219:13\n    at optionsCallback (C:\\Users\\duong\\Desktop\\lucyClass-main\\backend\\node_modules\\cors\\lib\\index.js:199:9)\n    at corsMiddleware (C:\\Users\\duong\\Desktop\\lucyClass-main\\backend\\node_modules\\cors\\lib\\index.js:204:7)\n    at Layer.handle [as handle_request] (C:\\Users\\duong\\Desktop\\lucyClass-main\\backend\\node_modules\\express\\lib\\router\\layer.js:95:5)\n    at trim_prefix (C:\\Users\\duong\\Desktop\\lucyClass-main\\backend\\node_modules\\express\\lib\\router\\index.js:328:13)\n    at C:\\Users\\duong\\Desktop\\lucyClass-main\\backend\\node_modules\\express\\lib\\router\\index.js:286:9\n    at Function.process_params (C:\\Users\\duong\\Desktop\\lucyClass-main\\backend\\node_modules\\express\\lib\\router\\index.js:346:12)\n    at next (C:\\Users\\duong\\Desktop\\lucyClass-main\\backend\\node_modules\\express\\lib\\router\\index.js:280:10)\n    at cookieParser (C:\\Users\\duong\\Desktop\\lucyClass-main\\backend\\node_modules\\cookie-parser\\index.js:57:14)","timestamp":"2026-03-31 20:54:32","url":"/"}
{"ip":"64.23.144.184","level":"error","message":"Server Error Not allowed by CORS","method":"OPTIONS","stack":"Error: Not allowed by CORS\n    at origin (C:\\Users\\duong\\Desktop\\lucyClass-main\\backend\\server.js:37:21)\n    at C:\\Users\\duong\\Desktop\\lucyClass-main\\backend\\node_modules\\cors\\lib\\index.js:219:13\n    at optionsCallback (C:\\Users\\duong\\Desktop\\lucyClass-main\\backend\\node_modules\\cors\\lib\\index.js:199:9)\n    at corsMiddleware (C:\\Users\\duong\\Desktop\\lucyClass-main\\backend\\node_modules\\cors\\lib\\index.js:204:7)\n    at Layer.handle [as handle_request] (C:\\Users\\duong\\Desktop\\lucyClass-main\\backend\\node_modules\\express\\lib\\router\\layer.js:95:5)\n    at trim_prefix (C:\\Users\\duong\\Desktop\\lucyClass-main\\backend\\node_modules\\express\\lib\\router\\index.js:328:13)\n    at C:\\Users\\duong\\Desktop\\lucyClass-main\\backend\\node_modules\\express\\lib\\router\\index.js:286:9\n    at Function.process_params (C:\\Users\\duong\\Desktop\\lucyClass-main\\backend\\node_modules\\express\\lib\\router\\index.js:346:12)\n    at next (C:\\Users\\duong\\Desktop\\lucyClass-main\\backend\\node_modules\\express\\lib\\router\\index.js:280:10)\n    at cookieParser (C:\\Users\\duong\\Desktop\\lucyClass-main\\backend\\node_modules\\cookie-parser\\index.js:57:14)","timestamp":"2026-03-31 20:54:32","url":"/api/csrf-token"}
{"ip":"64.23.144.184","level":"error","message":"Server Error Not allowed by CORS","method":"OPTIONS","stack":"Error: Not allowed by CORS\n    at origin (C:\\Users\\duong\\Desktop\\lucyClass-main\\backend\\server.js:37:21)\n    at C:\\Users\\duong\\Desktop\\lucyClass-main\\backend\\node_modules\\cors\\lib\\index.js:219:13\n    at optionsCallback (C:\\Users\\duong\\Desktop\\lucyClass-main\\backend\\node_modules\\cors\\lib\\index.js:199:9)\n    at corsMiddleware (C:\\Users\\duong\\Desktop\\lucyClass-main\\backend\\node_modules\\cors\\lib\\index.js:204:7)\n    at Layer.handle [as handle_request] (C:\\Users\\duong\\Desktop\\lucyClass-main\\backend\\node_modules\\express\\lib\\router\\layer.js:95:5)\n    at trim_prefix (C:\\Users\\duong\\Desktop\\lucyClass-main\\backend\\node_modules\\express\\lib\\router\\index.js:328:13)\n    at C:\\Users\\duong\\Desktop\\lucyClass-main\\backend\\node_modules\\express\\lib\\router\\index.js:286:9\n    at Function.process_params (C:\\Users\\duong\\Desktop\\lucyClass-main\\backend\\node_modules\\express\\lib\\router\\index.js:346:12)\n    at next (C:\\Users\\duong\\Desktop\\lucyClass-main\\backend\\node_modules\\express\\lib\\router\\index.js:280:10)\n    at cookieParser (C:\\Users\\duong\\Desktop\\lucyClass-main\\backend\\node_modules\\cookie-parser\\index.js:57:14)","timestamp":"2026-03-31 20:54:32","url":"/api/courses"}
{"ip":"64.23.144.184","level":"error","message":"Server Error Not allowed by CORS","method":"OPTIONS","stack":"Error: Not allowed by CORS\n    at origin (C:\\Users\\duong\\Desktop\\lucyClass-main\\backend\\server.js:37:21)\n    at C:\\Users\\duong\\Desktop\\lucyClass-main\\backend\\node_modules\\cors\\lib\\index.js:219:13\n    at optionsCallback (C:\\Users\\duong\\Desktop\\lucyClass-main\\backend\\node_modules\\cors\\lib\\index.js:199:9)\n    at corsMiddleware (C:\\Users\\duong\\Desktop\\lucyClass-main\\backend\\node_modules\\cors\\lib\\index.js:204:7)\n    at Layer.handle [as handle_request] (C:\\Users\\duong\\Desktop\\lucyClass-main\\backend\\node_modules\\express\\lib\\router\\layer.js:95:5)\n    at trim_prefix (C:\\Users\\duong\\Desktop\\lucyClass-main\\backend\\node_modules\\express\\lib\\router\\index.js:328:13)\n    at C:\\Users\\duong\\Desktop\\lucyClass-main\\backend\\node_modules\\express\\lib\\router\\index.js:286:9\n    at Function.process_params (C:\\Users\\duong\\Desktop\\lucyClass-main\\backend\\node_modules\\express\\lib\\router\\index.js:346:12)\n    at next (C:\\Users\\duong\\Desktop\\lucyClass-main\\backend\\node_modules\\express\\lib\\router\\index.js:280:10)\n    at cookieParser (C:\\Users\\duong\\Desktop\\lucyClass-main\\backend\\node_modules\\cookie-parser\\index.js:57:14)","timestamp":"2026-03-31 20:54:32","url":"/api/courses"}
{"ip":"64.23.144.184","level":"error","message":"Server Error Not allowed by CORS","method":"OPTIONS","stack":"Error: Not allowed by CORS\n    at origin (C:\\Users\\duong\\Desktop\\lucyClass-main\\backend\\server.js:37:21)\n    at C:\\Users\\duong\\Desktop\\lucyClass-main\\backend\\node_modules\\cors\\lib\\index.js:219:13\n    at optionsCallback (C:\\Users\\duong\\Desktop\\lucyClass-main\\backend\\node_modules\\cors\\lib\\index.js:199:9)\n    at corsMiddleware (C:\\Users\\duong\\Desktop\\lucyClass-main\\backend\\node_modules\\cors\\lib\\index.js:204:7)\n    at Layer.handle [as handle_request] (C:\\Users\\duong\\Desktop\\lucyClass-main\\backend\\node_modules\\express\\lib\\router\\layer.js:95:5)\n    at trim_prefix (C:\\Users\\duong\\Desktop\\lucyClass-main\\backend\\node_modules\\express\\lib\\router\\index.js:328:13)\n    at C:\\Users\\duong\\Desktop\\lucyClass-main\\backend\\node_modules\\express\\lib\\router\\index.js:286:9\n    at Function.process_params (C:\\Users\\duong\\Desktop\\lucyClass-main\\backend\\node_modules\\express\\lib\\router\\index.js:346:12)\n    at next (C:\\Users\\duong\\Desktop\\lucyClass-main\\backend\\node_modules\\express\\lib\\router\\index.js:280:10)\n    at cookieParser (C:\\Users\\duong\\Desktop\\lucyClass-main\\backend\\node_modules\\cookie-parser\\index.js:57:14)","timestamp":"2026-03-31 20:54:33","url":"/api/announcements"}
{"ip":"64.23.144.184","level":"error","message":"Server Error Not allowed by CORS","method":"OPTIONS","stack":"Error: Not allowed by CORS\n    at origin (C:\\Users\\duong\\Desktop\\lucyClass-main\\backend\\server.js:37:21)\n    at C:\\Users\\duong\\Desktop\\lucyClass-main\\backend\\node_modules\\cors\\lib\\index.js:219:13\n    at optionsCallback (C:\\Users\\duong\\Desktop\\lucyClass-main\\backend\\node_modules\\cors\\lib\\index.js:199:9)\n    at corsMiddleware (C:\\Users\\duong\\Desktop\\lucyClass-main\\backend\\node_modules\\cors\\lib\\index.js:204:7)\n    at Layer.handle [as handle_request] (C:\\Users\\duong\\Desktop\\lucyClass-main\\backend\\node_modules\\express\\lib\\router\\layer.js:95:5)\n    at trim_prefix (C:\\Users\\duong\\Desktop\\lucyClass-main\\backend\\node_modules\\express\\lib\\router\\index.js:328:13)\n    at C:\\Users\\duong\\Desktop\\lucyClass-main\\backend\\node_modules\\express\\lib\\router\\index.js:286:9\n    at Function.process_params (C:\\Users\\duong\\Desktop\\lucyClass-main\\backend\\node_modules\\express\\lib\\router\\index.js:346:12)\n    at next (C:\\Users\\duong\\Desktop\\lucyClass-main\\backend\\node_modules\\express\\lib\\router\\index.js:280:10)\n    at cookieParser (C:\\Users\\duong\\Desktop\\lucyClass-main\\backend\\node_modules\\cookie-parser\\index.js:57:14)","timestamp":"2026-03-31 20:54:33","url":"/api/feedback"}
{"ip":"64.23.144.184","level":"error","message":"Server Error Not allowed by CORS","method":"OPTIONS","stack":"Error: Not allowed by CORS\n    at origin (C:\\Users\\duong\\Desktop\\lucyClass-main\\backend\\server.js:37:21)\n    at C:\\Users\\duong\\Desktop\\lucyClass-main\\backend\\node_modules\\cors\\lib\\index.js:219:13\n    at optionsCallback (C:\\Users\\duong\\Desktop\\lucyClass-main\\backend\\node_modules\\cors\\lib\\index.js:199:9)\n    at corsMiddleware (C:\\Users\\duong\\Desktop\\lucyClass-main\\backend\\node_modules\\cors\\lib\\index.js:204:7)\n    at Layer.handle [as handle_request] (C:\\Users\\duong\\Desktop\\lucyClass-main\\backend\\node_modules\\express\\lib\\router\\layer.js:95:5)\n    at trim_prefix (C:\\Users\\duong\\Desktop\\lucyClass-main\\backend\\node_modules\\express\\lib\\router\\index.js:328:13)\n    at C:\\Users\\duong\\Desktop\\lucyClass-main\\backend\\node_modules\\express\\lib\\router\\index.js:286:9\n    at Function.process_params (C:\\Users\\duong\\Desktop\\lucyClass-main\\backend\\node_modules\\express\\lib\\router\\index.js:346:12)\n    at next (C:\\Users\\duong\\Desktop\\lucyClass-main\\backend\\node_modules\\express\\lib\\router\\index.js:280:10)\n    at cookieParser (C:\\Users\\duong\\Desktop\\lucyClass-main\\backend\\node_modules\\cookie-parser\\index.js:57:14)","timestamp":"2026-03-31 20:54:33","url":"/api/teachers"}
{"ip":"143.198.130.64","level":"error","message":"Server Error Not allowed by CORS","method":"OPTIONS","stack":"Error: Not allowed by CORS\n    at origin (C:\\Users\\duong\\Desktop\\lucyClass-main\\backend\\server.js:37:21)\n    at C:\\Users\\duong\\Desktop\\lucyClass-main\\backend\\node_modules\\cors\\lib\\index.js:219:13\n    at optionsCallback (C:\\Users\\duong\\Desktop\\lucyClass-main\\backend\\node_modules\\cors\\lib\\index.js:199:9)\n    at corsMiddleware (C:\\Users\\duong\\Desktop\\lucyClass-main\\backend\\node_modules\\cors\\lib\\index.js:204:7)\n    at Layer.handle [as handle_request] (C:\\Users\\duong\\Desktop\\lucyClass-main\\backend\\node_modules\\express\\lib\\router\\layer.js:95:5)\n    at trim_prefix (C:\\Users\\duong\\Desktop\\lucyClass-main\\backend\\node_modules\\express\\lib\\router\\index.js:328:13)\n    at C:\\Users\\duong\\Desktop\\lucyClass-main\\backend\\node_modules\\express\\lib\\router\\index.js:286:9\n    at Function.process_params (C:\\Users\\duong\\Desktop\\lucyClass-main\\backend\\node_modules\\express\\lib\\router\\index.js:346:12)\n    at next (C:\\Users\\duong\\Desktop\\lucyClass-main\\backend\\node_modules\\express\\lib\\router\\index.js:280:10)\n    at cookieParser (C:\\Users\\duong\\Desktop\\lucyClass-main\\backend\\node_modules\\cookie-parser\\index.js:57:14)","timestamp":"2026-03-31 20:54:33","url":"/api/courses"}
{"ip":"143.198.130.64","level":"error","message":"Server Error Not allowed by CORS","method":"OPTIONS","stack":"Error: Not allowed by CORS\n    at origin (C:\\Users\\duong\\Desktop\\lucyClass-main\\backend\\server.js:37:21)\n    at C:\\Users\\duong\\Desktop\\lucyClass-main\\backend\\node_modules\\cors\\lib\\index.js:219:13\n    at optionsCallback (C:\\Users\\duong\\Desktop\\lucyClass-main\\backend\\node_modules\\cors\\lib\\index.js:199:9)\n    at corsMiddleware (C:\\Users\\duong\\Desktop\\lucyClass-main\\backend\\node_modules\\cors\\lib\\index.js:204:7)\n    at Layer.handle [as handle_request] (C:\\Users\\duong\\Desktop\\lucyClass-main\\backend\\node_modules\\express\\lib\\router\\layer.js:95:5)\n    at trim_prefix (C:\\Users\\duong\\Desktop\\lucyClass-main\\backend\\node_modules\\express\\lib\\router\\index.js:328:13)\n    at C:\\Users\\duong\\Desktop\\lucyClass-main\\backend\\node_modules\\express\\lib\\router\\index.js:286:9\n    at Function.process_params (C:\\Users\\duong\\Desktop\\lucyClass-main\\backend\\node_modules\\express\\lib\\router\\index.js:346:12)\n    at next (C:\\Users\\duong\\Desktop\\lucyClass-main\\backend\\node_modules\\express\\lib\\router\\index.js:280:10)\n    at cookieParser (C:\\Users\\duong\\Desktop\\lucyClass-main\\backend\\node_modules\\cookie-parser\\index.js:57:14)","timestamp":"2026-03-31 20:54:33","url":"/api/announcements"}
{"ip":"143.198.130.64","level":"error","message":"Server Error Not allowed by CORS","method":"OPTIONS","stack":"Error: Not allowed by CORS\n    at origin (C:\\Users\\duong\\Desktop\\lucyClass-main\\backend\\server.js:37:21)\n    at C:\\Users\\duong\\Desktop\\lucyClass-main\\backend\\node_modules\\cors\\lib\\index.js:219:13\n    at optionsCallback (C:\\Users\\duong\\Desktop\\lucyClass-main\\backend\\node_modules\\cors\\lib\\index.js:199:9)\n    at corsMiddleware (C:\\Users\\duong\\Desktop\\lucyClass-main\\backend\\node_modules\\cors\\lib\\index.js:204:7)\n    at Layer.handle [as handle_request] (C:\\Users\\duong\\Desktop\\lucyClass-main\\backend\\node_modules\\express\\lib\\router\\layer.js:95:5)\n    at trim_prefix (C:\\Users\\duong\\Desktop\\lucyClass-main\\backend\\node_modules\\express\\lib\\router\\index.js:328:13)\n    at C:\\Users\\duong\\Desktop\\lucyClass-main\\backend\\node_modules\\express\\lib\\router\\index.js:286:9\n    at Function.process_params (C:\\Users\\duong\\Desktop\\lucyClass-main\\backend\\node_modules\\express\\lib\\router\\index.js:346:12)\n    at next (C:\\Users\\duong\\Desktop\\lucyClass-main\\backend\\node_modules\\express\\lib\\router\\index.js:280:10)\n    at cookieParser (C:\\Users\\duong\\Desktop\\lucyClass-main\\backend\\node_modules\\cookie-parser\\index.js:57:14)","timestamp":"2026-03-31 20:54:33","url":"/api/teachers"}
{"ip":"143.198.130.64","level":"error","message":"Server Error Not allowed by CORS","method":"OPTIONS","stack":"Error: Not allowed by CORS\n    at origin (C:\\Users\\duong\\Desktop\\lucyClass-main\\backend\\server.js:37:21)\n    at C:\\Users\\duong\\Desktop\\lucyClass-main\\backend\\node_modules\\cors\\lib\\index.js:219:13\n    at optionsCallback (C:\\Users\\duong\\Desktop\\lucyClass-main\\backend\\node_modules\\cors\\lib\\index.js:199:9)\n    at corsMiddleware (C:\\Users\\duong\\Desktop\\lucyClass-main\\backend\\node_modules\\cors\\lib\\index.js:204:7)\n    at Layer.handle [as handle_request] (C:\\Users\\duong\\Desktop\\lucyClass-main\\backend\\node_modules\\express\\lib\\router\\layer.js:95:5)\n    at trim_prefix (C:\\Users\\duong\\Desktop\\lucyClass-main\\backend\\node_modules\\express\\lib\\router\\index.js:328:13)\n    at C:\\Users\\duong\\Desktop\\lucyClass-main\\backend\\node_modules\\express\\lib\\router\\index.js:286:9\n    at Function.process_params (C:\\Users\\duong\\Desktop\\lucyClass-main\\backend\\node_modules\\express\\lib\\router\\index.js:346:12)\n    at next (C:\\Users\\duong\\Desktop\\lucyClass-main\\backend\\node_modules\\express\\lib\\router\\index.js:280:10)\n    at cookieParser (C:\\Users\\duong\\Desktop\\lucyClass-main\\backend\\node_modules\\cookie-parser\\index.js:57:14)","timestamp":"2026-03-31 20:54:33","url":"/api/courses"}
{"ip":"143.198.130.64","level":"error","message":"Server Error Not allowed by CORS","method":"OPTIONS","stack":"Error: Not allowed by CORS\n    at origin (C:\\Users\\duong\\Desktop\\lucyClass-main\\backend\\server.js:37:21)\n    at C:\\Users\\duong\\Desktop\\lucyClass-main\\backend\\node_modules\\cors\\lib\\index.js:219:13\n    at optionsCallback (C:\\Users\\duong\\Desktop\\lucyClass-main\\backend\\node_modules\\cors\\lib\\index.js:199:9)\n    at corsMiddleware (C:\\Users\\duong\\Desktop\\lucyClass-main\\backend\\node_modules\\cors\\lib\\index.js:204:7)\n    at Layer.handle [as handle_request] (C:\\Users\\duong\\Desktop\\lucyClass-main\\backend\\node_modules\\express\\lib\\router\\layer.js:95:5)\n    at trim_prefix (C:\\Users\\duong\\Desktop\\lucyClass-main\\backend\\node_modules\\express\\lib\\router\\index.js:328:13)\n    at C:\\Users\\duong\\Desktop\\lucyClass-main\\backend\\node_modules\\express\\lib\\router\\index.js:286:9\n    at Function.process_params (C:\\Users\\duong\\Desktop\\lucyClass-main\\backend\\node_modules\\express\\lib\\router\\index.js:346:12)\n    at next (C:\\Users\\duong\\Desktop\\lucyClass-main\\backend\\node_modules\\express\\lib\\router\\index.js:280:10)\n    at cookieParser (C:\\Users\\duong\\Desktop\\lucyClass-main\\backend\\node_modules\\cookie-parser\\index.js:57:14)","timestamp":"2026-03-31 20:54:33","url":"/api/csrf-token"}
{"ip":"143.198.130.64","level":"error","message":"Server Error Not allowed by CORS","method":"OPTIONS","stack":"Error: Not allowed by CORS\n    at origin (C:\\Users\\duong\\Desktop\\lucyClass-main\\backend\\server.js:37:21)\n    at C:\\Users\\duong\\Desktop\\lucyClass-main\\backend\\node_modules\\cors\\lib\\index.js:219:13\n    at optionsCallback (C:\\Users\\duong\\Desktop\\lucyClass-main\\backend\\node_modules\\cors\\lib\\index.js:199:9)\n    at corsMiddleware (C:\\Users\\duong\\Desktop\\lucyClass-main\\backend\\node_modules\\cors\\lib\\index.js:204:7)\n    at Layer.handle [as handle_request] (C:\\Users\\duong\\Desktop\\lucyClass-main\\backend\\node_modules\\express\\lib\\router\\layer.js:95:5)\n    at trim_prefix (C:\\Users\\duong\\Desktop\\lucyClass-main\\backend\\node_modules\\express\\lib\\router\\index.js:328:13)\n    at C:\\Users\\duong\\Desktop\\lucyClass-main\\backend\\node_modules\\express\\lib\\router\\index.js:286:9\n    at Function.process_params (C:\\Users\\duong\\Desktop\\lucyClass-main\\backend\\node_modules\\express\\lib\\router\\index.js:346:12)\n    at next (C:\\Users\\duong\\Desktop\\lucyClass-main\\backend\\node_modules\\express\\lib\\router\\index.js:280:10)\n    at cookieParser (C:\\Users\\duong\\Desktop\\lucyClass-main\\backend\\node_modules\\cookie-parser\\index.js:57:14)","timestamp":"2026-03-31 20:54:33","url":"/api/feedback"}
{"ip":"::1","level":"warn","message":"Rate limit exceeded","retryAfter":300,"timestamp":"2026-04-03 10:24:56","url":"/api/teachers","userId":"guest"}
{"ip":"::1","level":"warn","message":"Rate limit exceeded","retryAfter":300,"timestamp":"2026-04-03 10:24:56","url":"/api/announcements","userId":"guest"}
{"ip":"::1","level":"warn","message":"Rate limit exceeded","retryAfter":300,"timestamp":"2026-04-03 10:24:56","url":"/api/feedback","userId":"guest"}
{"ip":"::1","level":"warn","message":"Rate limit exceeded","retryAfter":300,"timestamp":"2026-04-03 10:24:56","url":"/api/courses","userId":"guest"}
{"ip":"::1","level":"warn","message":"Rate limit exceeded","retryAfter":300,"timestamp":"2026-04-03 10:24:56","url":"/api/courses","userId":"guest"}
{"ip":"::1","level":"warn","message":"Rate limit exceeded","retryAfter":300,"timestamp":"2026-04-03 10:24:56","url":"/api/courses","userId":"guest"}
